../Core/Src/main.c:82:6:HAL_GPIO_EXTI_Callback	16	static
../Core/Src/main.c:97:6:HAL_TIM_PeriodElapsedCallback	16	static
../Core/Src/main.c:113:6:HAL_SPI_TxHalfCpltCallback	16	static
../Core/Src/main.c:127:6:HAL_SPI_TxCpltCallback	16	static
../Core/Src/main.c:147:5:main	72	static
../Core/Src/main.c:236:6:SystemClock_Config	72	static
../Core/Src/main.c:276:13:MX_SPI1_Init	8	static
../Core/Src/main.c:314:13:MX_TIM1_Init	96	static
../Core/Src/main.c:389:13:MX_TIM2_Init	64	static
../Core/Src/main.c:449:13:MX_TIM4_Init	80	static
../Core/Src/main.c:513:13:MX_DMA_Init	16	static
../Core/Src/main.c:531:13:MX_GPIO_Init	40	static
../Core/Src/main.c:571:6:Error_Handler	4	static,ignoring_inline_asm
