../Core/Src/main.c:74:6:VGA_update	16	static
../Core/Src/main.c:84:6:HAL_GPIO_EXTI_Callback	16	static
../Core/Src/main.c:99:6:HAL_TIM_PeriodElapsedCallback	16	static
../Core/Src/main.c:115:6:HAL_SPI_TxHalfCpltCallback	16	static
../Core/Src/main.c:128:6:HAL_SPI_TxCpltCallback	16	static
../Core/Src/main.c:146:5:main	64	static
../Core/Src/main.c:222:6:SystemClock_Config	72	static
../Core/Src/main.c:262:13:MX_SPI1_Init	8	static
../Core/Src/main.c:300:13:MX_TIM1_Init	96	static
../Core/Src/main.c:375:13:MX_TIM2_Init	64	static
../Core/Src/main.c:435:13:MX_TIM4_Init	56	static
../Core/Src/main.c:485:13:MX_DMA_Init	16	static
../Core/Src/main.c:503:13:MX_GPIO_Init	40	static
../Core/Src/main.c:543:6:Error_Handler	4	static,ignoring_inline_asm
